Uploading file...
node : Error: TypeError: fetch failed
所在位置 行:1 字符: 1
+ node test_expiration_check.js > test_output.txt 2>&1
+ ~~~~~~~~~~~~~~~~~~~~~~~~~~~~~~~~~~~~~~~~~~~~~~~~~~~~
    + CategoryInfo          : NotSpecified: (Error: TypeError: fetch failed:String) [], RemoteException
    + FullyQualifiedErrorId : NativeCommandError
 
    at node:internal/deps/undici/undici:15845:13
    at process.processTicksAndRejections (node:internal/process/task_queues:103:5)
    at async run (file:///F:/linshi/file-transfer-station-complete_1/delivery/file-transfer-station/file-transfer-station/test_expiration_check.js:8:23) {
  [cause]: AggregateError [ECONNREFUSED]: 
      at internalConnectMultiple (node:net:1134:18)
      at afterConnectMultiple (node:net:1715:7) {
    code: 'ECONNREFUSED',
    [errors]: [ [Error], [Error] ]
  }
}
